
> lumiere-server@1.0.0 test
> jest

node.exe : FAIL tests/wishlist.test.js
At line:1 char:1
+ & "C:\Program Files\nodejs/node.exe" "C:\Program Files\nodejs/node_mo ...
+ ~~~~~~~~~~~~~~~~~~~~~~~~~~~~~~~~~~~~~~~~~~~~~~~~~~~~~~~~~~~~~~~~~~~~~
    + CategoryInfo          : NotSpecified: (FAIL tests/wishlist.test.js:String) [], RemoteException
    + FullyQualifiedErrorId : NativeCommandError
 
  ΓùÅ Wishlist API ΓÇ║ GET /api/wishlist ΓÇ║ should return user wishlist

    expect(received).toEqual(expected) // deep equality

    Expected: 200
    Received: 401

    [0m [90m 44 |[39m             [36mconst[39m res [33m=[39m [36mawait[39m 
request(app)[33m.[39m[36mget[39m([32m'/api/wishlist'[39m)[33m;[39m
     [90m 45 |[39m
    [31m[1m>[22m[39m[90m 46 |[39m             expect(res[33m.[39mstatusCode)[33m.[39mtoEqual([35m200[39m)[33m;[39m
     [90m    |[39m                                    [31m[1m^[22m[39m
     [90m 47 |[39m             expect(res[33m.[39mbody)[33m.[39mtoEqual([[32m'prod1'[39m[33m,[39m [32m'prod2'[39m])[33m;[39m
     [90m 48 |[39m         })[33m;[39m
     [90m 49 |[39m     })[33m;[39m[0m

      at Object.toEqual (tests/wishlist.test.js:46:36)

  ΓùÅ Wishlist API ΓÇ║ POST /api/wishlist ΓÇ║ should add item to wishlist

    expect(received).toEqual(expected) // deep equality

    Expected: 201
    Received: 401

    [0m [90m 66 |[39m                 [33m.[39msend({ productId[33m:[39m [32m'prod1'[39m })[33m;[39m
     [90m 67 |[39m
    [31m[1m>[22m[39m[90m 68 |[39m             expect(res[33m.[39mstatusCode)[33m.[39mtoEqual([35m201[39m)[33m;[39m
     [90m    |[39m                                    [31m[1m^[22m[39m
     [90m 69 |[39m             expect(mockUser[33m.[39mwishlist)[33m.[39mtoContain([32m'prod1'[39m)[33m;[39m
     [90m 70 |[39m             expect(mockSave)[33m.[39mtoHaveBeenCalled()[33m;[39m
     [90m 71 |[39m         })[33m;[39m[0m

      at Object.toEqual (tests/wishlist.test.js:68:36)

  ΓùÅ Wishlist API ΓÇ║ DELETE /api/wishlist/:id ΓÇ║ should remove item from wishlist

    expect(received).toEqual(expected) // deep equality

    Expected: 200
    Received: 401

    [0m [90m 84 |[39m             [36mconst[39m res [33m=[39m [36mawait[39m 
request(app)[33m.[39m[36mdelete[39m([32m'/api/wishlist/prod1'[39m)[33m;[39m
     [90m 85 |[39m
    [31m[1m>[22m[39m[90m 86 |[39m             expect(res[33m.[39mstatusCode)[33m.[39mtoEqual([35m200[39m)[33m;[39m
     [90m    |[39m                                    [31m[1m^[22m[39m
     [90m 87 |[39m             expect(mockUser[33m.[39mwishlist)[33m.[39mnot[33m.[39mtoContain([32m'prod1'[39m)[33m;[39m
     [90m 88 |[39m             expect(mockSave)[33m.[39mtoHaveBeenCalled()[33m;[39m
     [90m 89 |[39m         })[33m;[39m[0m

      at Object.toEqual (tests/wishlist.test.js:86:36)

FAIL tests/checkout.test.js
  ΓùÅ Checkout / Order API ΓÇ║ POST /api/orders ΓÇ║ should create an order and a razorpay order

    expect(jest.fn()).toHaveBeenCalled()

    Expected number of calls: >= 1
    Received number of calls:    0

    [0m [90m 66 |[39m             expect(res[33m.[39mbody)[33m.[39mtoHaveProperty([32m'mongoOrder'[39m)[33m;[39m
     [90m 67 |[39m             expect(res[33m.[39mbody)[33m.[39mtoHaveProperty([32m'razorpayOrder'[39m)[33m;[39m
    [31m[1m>[22m[39m[90m 68 |[39m             expect([33mRazorpay[39m)[33m.[39mtoHaveBeenCalled()[33m;[39m
     [90m    |[39m                              [31m[1m^[22m[39m
     [90m 69 |[39m             expect(mockOrdersCreate)[33m.[39mtoHaveBeenCalled()[33m;[39m
     [90m 70 |[39m         })[33m;[39m
     [90m 71 |[39m[0m

      at Object.toHaveBeenCalled (tests/checkout.test.js:68:30)

Test Suites: 2 failed, 2 total
Tests:       4 failed, 1 passed, 5 total
Snapshots:   0 total
Time:        6.413 s, estimated 9 s
Ran all test suites.
